build/objdir/gdb/testsuite/outputs/gdb.arch/i386-signal/gdb.sum:# of unexpected failures	1
build/objdir/gdb/testsuite/outputs/gdb.base/annota1/gdb.sum:# of unexpected failures	5
build/objdir/gdb/testsuite/outputs/gdb.base/annota3/gdb.sum:# of unexpected failures	5
build/objdir/gdb/testsuite/outputs/gdb.base/attach/gdb.sum:# of unexpected failures	10
build/objdir/gdb/testsuite/outputs/gdb.base/attach-pie-noexec/gdb.sum:# of unexpected failures	2
build/objdir/gdb/testsuite/outputs/gdb.base/attach-twice/gdb.sum:# of unexpected failures	1
build/objdir/gdb/testsuite/outputs/gdb.base/break-interp/gdb.sum:# of unexpected failures	44
build/objdir/gdb/testsuite/outputs/gdb.base/display/gdb.sum:# of unexpected failures	1
build/objdir/gdb/testsuite/outputs/gdb.base/dprintf-detach/gdb.sum:# of unexpected failures	12
build/objdir/gdb/testsuite/outputs/gdb.base/jit/gdb.sum:# of unexpected failures	8
build/objdir/gdb/testsuite/outputs/gdb.base/kill-detach-inferiors-cmd/gdb.sum:# of unexpected failures	1
build/objdir/gdb/testsuite/outputs/gdb.base/morestack/gdb.sum:# of unexpected failures	1
build/objdir/gdb/testsuite/outputs/gdb.base/random-signal/gdb.sum:# of unexpected failures	3
build/objdir/gdb/testsuite/outputs/gdb.base/restore/gdb.sum:# of unexpected failures	5
build/objdir/gdb/testsuite/outputs/gdb.base/shlib-call/gdb.sum:# of unexpected failures	5
build/objdir/gdb/testsuite/outputs/gdb.base/step-test/gdb.sum:# of unexpected failures	10
build/objdir/gdb/testsuite/outputs/gdb.base/store/gdb.sum:# of unexpected failures	43
build/objdir/gdb/testsuite/outputs/gdb.cp/no-dmgl-verbose/gdb.sum:# of unexpected failures	1
build/objdir/gdb/testsuite/outputs/gdb.cp/ovldbreak/gdb.sum:# of unexpected failures	2
build/objdir/gdb/testsuite/outputs/gdb.cp/vla-cxx/gdb.sum:# of unexpected failures	3
build/objdir/gdb/testsuite/outputs/gdb.dwarf2/dw2-undefined-ret-addr/gdb.sum:# of unexpected failures	1
build/objdir/gdb/testsuite/outputs/gdb.fortran/library-module/gdb.sum:# of unexpected failures	2
build/objdir/gdb/testsuite/outputs/gdb.gdb/selftest/gdb.sum:# of unexpected failures	3
build/objdir/gdb/testsuite/outputs/gdb.java/jprint/gdb.sum:# of unexpected failures	5
build/objdir/gdb/testsuite/outputs/gdb.mi/mi-stack/gdb.sum:# of unexpected failures	5
build/objdir/gdb/testsuite/outputs/gdb.multi/multi-attach/gdb.sum:# of unexpected failures	2
build/objdir/gdb/testsuite/outputs/gdb.python/py-sync-interp/gdb.sum:# of unexpected failures	1
build/objdir/gdb/testsuite/outputs/gdb.python/py-unwind/gdb.sum:# of unexpected failures	2
build/objdir/gdb/testsuite/outputs/gdb.reverse/fstatat-reverse/gdb.sum:# of unexpected failures	1
build/objdir/gdb/testsuite/outputs/gdb.reverse/getresuid-reverse/gdb.sum:# of unexpected failures	1
build/objdir/gdb/testsuite/outputs/gdb.reverse/pipe-reverse/gdb.sum:# of unexpected failures	1
build/objdir/gdb/testsuite/outputs/gdb.reverse/readv-reverse/gdb.sum:# of unexpected failures	1
build/objdir/gdb/testsuite/outputs/gdb.reverse/recvmsg-reverse/gdb.sum:# of unexpected failures	1
build/objdir/gdb/testsuite/outputs/gdb.reverse/sigall-precsave/gdb.sum:# of unexpected failures	495
build/objdir/gdb/testsuite/outputs/gdb.reverse/sigall-reverse/gdb.sum:# of unexpected failures	493
build/objdir/gdb/testsuite/outputs/gdb.reverse/solib-precsave/gdb.sum:# of unexpected failures	20
build/objdir/gdb/testsuite/outputs/gdb.reverse/solib-reverse/gdb.sum:# of unexpected failures	19
build/objdir/gdb/testsuite/outputs/gdb.reverse/step-precsave/gdb.sum:# of unexpected failures	18
build/objdir/gdb/testsuite/outputs/gdb.reverse/step-reverse/gdb.sum:# of unexpected failures	17
build/objdir/gdb/testsuite/outputs/gdb.reverse/time-reverse/gdb.sum:# of unexpected failures	1
build/objdir/gdb/testsuite/outputs/gdb.reverse/until-precsave/gdb.sum:# of unexpected failures	10
build/objdir/gdb/testsuite/outputs/gdb.reverse/until-reverse/gdb.sum:# of unexpected failures	9
build/objdir/gdb/testsuite/outputs/gdb.server/ext-attach/gdb.sum:# of unexpected failures	4
build/objdir/gdb/testsuite/outputs/gdb.threads/attach-into-signal/gdb.sum:# of unexpected failures	300
build/objdir/gdb/testsuite/outputs/gdb.threads/attach-stopped/gdb.sum:# of unexpected failures	2
build/objdir/gdb/testsuite/outputs/gdb.threads/clone-attach-detach/gdb.sum:# of unexpected failures	12
build/objdir/gdb/testsuite/outputs/gdb.threads/fork-child-threads/gdb.sum:# of unexpected failures	1
